// Jest Snapshot v1, https://goo.gl/fbAQLP

exports[`Pruebas en GifGridItem debe de mostrar el componente correctamente 1`] = `
<div
  className="card animate__animated animate__fadeIn"
>
  <img
    alt="Imagen de goku"
    src="https://localhost/algo.jpg"
  />
  <p>
    Imagen de goku
  </p>
</div>
`;
